[INFO] Scanning for projects...
[INFO] 
[INFO] ------------< com.testautomation:playwright-java-framework >------------
[INFO] Building playwright-java-framework 1.0-SNAPSHOT
[INFO]   from pom.xml
[INFO] --------------------------------[ jar ]---------------------------------
[INFO] 
[INFO] --- resources:3.3.1:resources (default-resources) @ playwright-java-framework ---
[INFO] skip non existing resourceDirectory C:\Users\Lenovo\Desktop\DialinArch-Playwright_Automation\playwright-java-framework-main\src\main\resources
[INFO] 
[INFO] --- compiler:3.11.0:compile (default-compile) @ playwright-java-framework ---
[INFO] Nothing to compile - all classes are up to date
[INFO] 
[INFO] --- resources:3.3.1:testResources (default-testResources) @ playwright-java-framework ---
[INFO] Copying 8 resources from src\test\resources to target\test-classes
[INFO] 
[INFO] --- compiler:3.11.0:testCompile (default-testCompile) @ playwright-java-framework ---
[INFO] Changes detected - recompiling the module! :input tree
[INFO] Compiling 8 source files with javac [debug target 21] to target\test-classes
[INFO] Annotation processing is enabled because one or more processors were found
  on the class path. A future release of javac may disable annotation processing
  unless at least one processor is specified by name (-processor), or a search
  path is specified (--processor-path, --processor-module-path), or annotation
  processing is enabled explicitly (-proc:only, -proc:full).
  Use -Xlint:-options to suppress this message.
  Use -proc:none to disable annotation processing.
[INFO] -------------------------------------------------------------
[ERROR] COMPILATION ERROR : 
[INFO] -------------------------------------------------------------
[ERROR] /C:/Users/Lenovo/Desktop/DialinArch-Playwright_Automation/playwright-java-framework-main/src/test/java/steps/HostBusinessSteps.java:[108,6] cannot find symbol
  symbol:   class Given
  location: class steps.HostBusinessSteps
[INFO] 1 error
[INFO] -------------------------------------------------------------
[INFO] ------------------------------------------------------------------------
[INFO] BUILD FAILURE
[INFO] ------------------------------------------------------------------------
[INFO] Total time:  15.934 s
[INFO] Finished at: 2026-08-03T21:13:41+05:30
[INFO] ------------------------------------------------------------------------
[ERROR] Failed to execute goal org.apache.maven.plugins:maven-compiler-plugin:3.11.0:testCompile (default-testCompile) on project playwright-java-framework: Compilation failure
[ERROR] /C:/Users/Lenovo/Desktop/DialinArch-Playwright_Automation/playwright-java-framework-main/src/test/java/steps/HostBusinessSteps.java:[108,6] cannot find symbol
[ERROR]   symbol:   class Given
[ERROR]   location: class steps.HostBusinessSteps
[ERROR] 
[ERROR] -> [Help 1]
[ERROR] 
[ERROR] To see the full stack trace of the errors, re-run Maven with the -e switch.
[ERROR] Re-run Maven using the -X switch to enable full debug logging.
[ERROR] 
[ERROR] For more information about the errors and possible solutions, please read the following articles:
[ERROR] [Help 1] http://cwiki.apache.org/confluence/display/MAVEN/MojoFailureException
